env: bin/kafka-server-start.sh: No such file or directory
env: bin/kafka-server-start.sh: No such file or directory
